---
source: iox_v1_query_api/src/response/json.rs
expression: collect_output(stream).await
---
{"results":[{"statement_id":0,"series":[{"name":"m1","columns":["time","t1","f1"],"values":[["1970-01-01T00:00:01Z","t1a",7.307059979368068e43],["1970-01-01T00:00:02Z","t1a",7.307059979368067e43]]}]}]}
