---
source: iox_v1_query_api/src/response/chunked.rs
expression: "collect_output(ChunkedResponseStream::new(vec![statement1, statement2],\n2)).await"
---
{"results":[{"statement_id":0,"series":[{"name":"m1","columns":["time","t1","f1"],"values":[["1970-01-01T00:00:01Z","t1a",1],["1970-01-01T00:00:02Z","t1a",2]],"partial":true}],"partial":true}]}
{"results":[{"statement_id":0,"series":[{"name":"m1","columns":["time","t1","f1"],"values":[["1970-01-01T00:00:03Z","t1a",3]]}],"partial":true}]}
{"results":[{"statement_id":0,"series":[{"name":"m2","columns":["time","t1","f1"],"values":[["1970-01-01T00:00:01Z","t1a",1]]}]}]}
{"results":[{"statement_id":1,"series":[{"name":"m1","tags":{"t1":"t1a"},"columns":["time","f1"],"values":[["1970-01-01T00:00:01Z",1],["1970-01-01T00:00:02Z",2]]}],"partial":true}]}
{"results":[{"statement_id":1,"series":[{"name":"m1","tags":{"t1":"t1b"},"columns":["time","f1"],"values":[["1970-01-01T00:00:03Z",3]]}],"partial":true}]}
{"results":[{"statement_id":1,"series":[{"name":"m2","tags":{"t1":"t1b"},"columns":["time","f1"],"values":[["1970-01-01T00:00:01Z",1]]}]}]}
