---
source: iox_v1_query_api/src/response/msgpack.rs
expression: collect_output(stream).await
---
[[[0,[["m1",["time","t1","f1"],[["1970-01-01T00:00:01Z","t1a",1],["1970-01-01T00:00:02Z","t1a",2]],true]],true]]]
[[[0,[["m1",["time","t1","f1"],[["1970-01-01T00:00:03Z","t1a",3]]]],true]]]
[[[0,[["m2",["time","t1","f1"],[["1970-01-01T00:00:01Z","t1a",1]]]]]]]
